ARRAYS:
variables that group items together to make listsd

comma-separated list
items are given indexes
indexes an be used to retrieve items
can also use indexes to update array items
can add items to array


﻿
> let colors = ["red", "orange", "yellow"];
< undefined
> colors
< (3) ["red", "orange", "yellow"]
> colors[3] = "green"
< "green"
> colors
< (4) ["red", "orange", "yellow", "green"]
> colors[10] = "violet";
< "violet"
> colors
< (11) ["red", "orange", "yellow", "green", empty × 6, "violet"]

can initialize and empty array in two ways
> let friends = [];
> let friends = newArray(); // not commonly used

arrays can hold mixed data types
> let randos = [49, true, "Hermione"]

arrays have a length property (number of items)
> colors.length;
< 11



ARRAY METHODS:
push/pop 			add/remove items at end of array 		VAR.push("VAL"); VAR.pop(); 
shift/unshift		remove/add items at start of array 		VAR.shift(); VAR.unshift("VAL");
indexOf				find the index of an item in an array 	VAR.indexOf("VAL");
slice				copy parts of an array 					VAR.slice(START-IND, END-IND);

> let colors = ["red", "orange", "yellow"];
< undefined
> colors.push("green");
< 4
> colors
< (4) ["red", "orange", "yellow", "green"]
> colors.pop();
< "green"
> colors
< (3) ["red", "orange", "yellow"]
> colors.unshift("infrared");
< 4
> colors
< (4) ["infrared", "red", "orange", "yellow"]
> colors.shift();
< "infrared"
> colors
< (3) ["red", "orange", "yellow"]
> colors.indexOf("orange");
< 1
> colors.indexOf("blue");
< -1
> colors.push("green");
< 4
> colors.indexOf("green");
< 3
> let hues = colors.slice(1,3)
< undefined
> hues
< (2) ["orange", "yellow"]
> colors
< (4) ["red", "orange", "yellow", "green"]



ARRAY ITERAITION:
performing an action on each item in a list
use a loop to iterate over an array
use forEach to iterate over an array

let colors = ["red", "orange", "yellow", "green"]

// For Loop:
for(let i = 0; i < colors.length; i++) {
	console.log(colors[i]);
}

// forEach:
colors.forEach(function(color) {
	console.log(color);
});

// another example:
function printColor(color) {
	console.log("********");
	console.log(color);
	console.log("********");
}

colors.forEach(printColor);